Ipc(BottomUpResolve(SignedRelayedMessage { message: RelayedMessage { message: CertifiedMessage { message: BottomUpCheckpoint { subnet_id: SubnetID { root: 11353759983297166148, children: [] }, height: 2606258936, next_validator_set_id: 152836503414934860, bottom_up_messages: Cid(bahntz4rvh6fgzybd3atwj4us7b75atgcrfpvj46lzowus47pkfw6ybcfm3lcid226cxvxlr7ca6tttsk5kdt5gga3vhguclmudsf7opi7jxznwy) }, certificate: MultiSig { signatures: [ValidatorSignature { validator: Address("f2td7shutfr7awjny4acvpnhgibfcjar4zvj3qsza"), signature: Signature { sig_type: BLS, bytes: [243, 0] } }] } }, relayer: Address("f1aaebkbhv2bf5n74t47lfpcifod7wqh55n4yoy4i"), sequence: 16568442856878439389, gas_limit: 7220165338726882159, gas_fee_cap: TokenAmount(227867598982136728714.712790251088974989), gas_premium: TokenAmount(0.0) }, signature: Signature { sig_type: Secp256k1, bytes: [244, 42, 185, 59, 111, 74, 108, 129] } }))