Ipc(TopDownExec(ParentFinality { height: 4089175392, block_hash: [152] }))