Ipc(BottomUpExec(CertifiedMessage { message: BottomUpCheckpoint { subnet_id: SubnetID { root: 1, children: [Address("f410fieaxnvdfwyyozwsehtdzm4irzgvokkddjrywboa"), Address("f410fiqrv2cu6cua2imqr3h7hq73j2mmy4pf5453srhy")] }, height: 1111672973, next_validator_set_id: 4381558351480123878, bottom_up_messages: Cid(bafo4rppipaoea4sfbgfou77xi5j4aec7uede2xffslvqrz4cro2xfepx) }, certificate: MultiSig { signatures: [ValidatorSignature { validator: Address("f1afr6w7s3kf6bkl7nikxtmul4vx2oignhlo7dj2a"), signature: Signature { sig_type: Secp256k1, bytes: [138, 253, 178, 41, 84] } }, ValidatorSignature { validator: Address("f1px7okn2ugjqgre77rt7y3saa7prlifula3ibxnq"), signature: Signature { sig_type: BLS, bytes: [99, 235, 114, 1, 141] } }, ValidatorSignature { validator: Address("f3uhww5fo2tbleyai46lzun227ugckujipudbjv72ithrxnbwakf2xtxxknaa7n3z26o4ypi7jliao66s6i5fa"), signature: Signature { sig_type: BLS, bytes: [29] } }] } }))