Signed(SignedMessage { message: Message { version: 7162743562430893908, from: Address("f25if77tw6kciabaevd7mubj52abvp4selcapom3q"), to: Address("f3rim6bwh5kpod74utm37qd47uilduzppc4aa2p4o7cnlvtfkg3h2abgwoxvytut2pska76zhb7nudyhaj2k3a"), sequence: 11834735921668240580, value: TokenAmount(49349742704242435138.209231540301196507), method_num: 3926546987369512997, params: RawBytes { e31aeb4b6d78 }, gas_limit: 3334890481968404026, gas_fee_cap: TokenAmount(152712043323050085562.853077790166551288), gas_premium: TokenAmount(40061255102063288776.007351983183122428) }, signature: Signature { sig_type: BLS, bytes: [98, 90, 174] } })