Genesis { chain_name: "\u{4}\u{b}Â®#4\u{200f}\u{93}-\u{ad}", timestamp: Timestamp(11581468070873371373), network_version: NetworkVersion(21), base_fee: TokenAmount(26139298864604834844.15329121596601356), power_scale: 0, validators: [Validator { public_key: ValidatorKey(PublicKey(Affine { x: Field { n: [39958494, 2040337, 59694356, 1596352, 64692092, 45880431, 17410635, 38169261, 50125602, 2472996], magnitude: 1, normalized: true }, y: Field { n: [219557, 488645, 6154583, 10513199, 23344189, 32358423, 1742103, 12805858, 37651133, 375843], magnitude: 1, normalized: true }, infinity: false })), power: Collateral(TokenAmount(314892729634477233575.319852355487357395)) }, Validator { public_key: ValidatorKey(PublicKey(Affine { x: Field { n: [16989107, 59839652, 62368671, 20409405, 49680590, 30636501, 19996509, 6188644, 38681669, 1345723], magnitude: 1, normalized: true }, y: Field { n: [6209259, 16781241, 12115161, 40625196, 64259939, 42032926, 64803034, 15239538, 341400, 404570], magnitude: 1, normalized: true }, infinity: false })), power: Collateral(TokenAmount(47047730110817122790.731233985252422783)) }, Validator { public_key: ValidatorKey(PublicKey(Affine { x: Field { n: [66527465, 66918850, 466166, 45842025, 51323419, 24284931, 7915819, 48484271, 49663139, 2779191], magnitude: 1, normalized: true }, y: Field { n: [32977785, 41974403, 13685481, 43088246, 20947520, 31133140, 62691836, 20889844, 59593417, 3734077], magnitude: 1, normalized: true }, infinity: false })), power: Collateral(TokenAmount(330343774330496180857.212299294759405116)) }, Validator { public_key: ValidatorKey(PublicKey(Affine { x: Field { n: [35132666, 50494435, 41311169, 28067508, 51310099, 55883823, 26697254, 44346347, 63123916, 1675247], magnitude: 1, normalized: true }, y: Field { n: [19738436, 43782981, 54697291, 29647801, 541524, 11026771, 50744709, 21750628, 30889408, 1934834], magnitude: 1, normalized: true }, infinity: false })), power: Collateral(TokenAmount(213593185773350208264.313896363854492902)) }, Validator { public_key: ValidatorKey(PublicKey(Affine { x: Field { n: [49328486, 28775888, 49403600, 28839522, 61433567, 43114989, 13912157, 19652134, 16083008, 1989245], magnitude: 1, normalized: true }, y: Field { n: [40294988, 4537797, 49456545, 29842399, 59603721, 39016708, 7067406, 20273913, 53671869, 2177637], magnitude: 1, normalized: true }, infinity: false })), power: Collateral(TokenAmount(288399855777258154354.128991727442377358)) }, Validator { public_key: ValidatorKey(PublicKey(Affine { x: Field { n: [22951039, 30342644, 37417893, 34948890, 3330256, 24024921, 54184204, 22923899, 39375284, 198339], magnitude: 1, normalized: true }, y: Field { n: [36710820, 49649934, 57246038, 37353112, 58222518, 905880, 8495263, 3350410, 45995195, 1333055], magnitude: 1, normalized: true }, infinity: false })), power: Collateral(TokenAmount(16.398990269602627413)) }, Validator { public_key: ValidatorKey(PublicKey(Affine { x: Field { n: [53351424, 17191745, 5397936, 63281576, 42838363, 22684761, 8105620, 19954595, 61122409, 641960], magnitude: 1, normalized: true }, y: Field { n: [57073616, 36339971, 44518562, 24005378, 38363090, 41514730, 57431746, 43065538, 57164832, 906627], magnitude: 1, normalized: true }, infinity: false })), power: Collateral(TokenAmount(269798344701422492711.839715388602597096)) }, Validator { public_key: ValidatorKey(PublicKey(Affine { x: Field { n: [19913531, 24229957, 4124309, 50844738, 36963360, 23552601, 27537769, 35221675, 21068623, 2134021], magnitude: 1, normalized: true }, y: Field { n: [42431789, 21934996, 19110004, 16931766, 5594721, 60604108, 39143483, 60081909, 58973295, 2031227], magnitude: 1, normalized: true }, infinity: false })), power: Collateral(TokenAmount(0.0)) }, Validator { public_key: ValidatorKey(PublicKey(Affine { x: Field { n: [60348208, 37111340, 36770446, 46275659, 61457024, 2165878, 60216653, 55793687, 64512720, 2182027], magnitude: 1, normalized: true }, y: Field { n: [23093265, 50267231, 54961297, 62209946, 42641731, 29149859, 6977779, 48468199, 25383024, 4011022], magnitude: 1, normalized: true }, infinity: false })), power: Collateral(TokenAmount(323830874445881631945.698587919200669541)) }], accounts: [Actor { meta: Multisig(Multisig { signers: [SignerAddr(Address("f1sdis7xvxkwzr4fd5e4kfnwzaa5efwfsm2e7mvnq")), SignerAddr(Address("f1r6ikc73mxrvi3jakrk2dc5s26y6avuflxvy4opi")), SignerAddr(Address("f17abot4z6mpb24yjzls77qcicf6y4wp6dffzyhwi")), SignerAddr(Address("f1qwo2w25t6ctxqi47kxvewinqd54j2t46umdbdeq")), SignerAddr(Address("f1wkjo6k7xjordlwd5m4sjfx6nkj4jrsaqtg76pqq"))], threshold: 1, vesting_duration: 18446744073709551615, vesting_start: 17804313737527799485 }), balance: TokenAmount(242024390185079582806.941709291648342497) }, Actor { meta: Multisig(Multisig { signers: [SignerAddr(Address("f1pglu43rqfawza3vxm3splsk32boyy3v7733f7xa")), SignerAddr(Address("f17ywqn6mt3edxa3n3vur3wszqmfcab5xee4p2hwq")), SignerAddr(Address("f12hzi7v73a3fe6nn2n7xvd53heemlfm67edbcbpq")), SignerAddr(Address("f1iki2sgvgyb7xyaycaq4rdqyhczwopwz72v5jsyi"))], threshold: 1, vesting_duration: 5311237559795545285, vesting_start: 6367758269187996241 }), balance: TokenAmount(0.0) }, Actor { meta: Multisig(Multisig { signers: [SignerAddr(Address("f165c6pag6ogdeu4htcnrgqupt6lay32jgls74u7i")), SignerAddr(Address("f1t5bog5urgkeijyddnehxkruwfeulk766gsaba5q")), SignerAddr(Address("f1mlmo5mzf6o2zq4tfau3bxwabswz6xebkbdfj4za")), SignerAddr(Address("f1kf7kphgif54aq2wdachgc66wiinkmd3bvsejgmq")), SignerAddr(Address("f17eavhgwpkhpt4p3axhawqksizgbbgaq5dyndt3a"))], threshold: 4, vesting_duration: 12197415362504881376, vesting_start: 15860344553690277279 }), balance: TokenAmount(284496069177540638259.174305476874786561) }, Actor { meta: Multisig(Multisig { signers: [SignerAddr(Address("f1372lvgxv4xgxoodqa3s32kgxcmusbybm6pfj3qi")), SignerAddr(Address("f1fqg34fumsbhjoo6ddmn73zijoyhyo46qysmd2ny")), SignerAddr(Address("f1itqsxxqawfaet6g4rpuemwzhrbrxjn5xco677cy")), SignerAddr(Address("f1s6h2phwwjfzgwzdzk47w54bcfx6brvc3k55stna")), SignerAddr(Address("f17ae5enhwa5wchwjjr434gwtaxie35n6yo7ks6ei"))], threshold: 1, vesting_duration: 11489338513625454354, vesting_start: 9151042756756153382 }), balance: TokenAmount(0.0) }, Actor { meta: Multisig(Multisig { signers: [SignerAddr(Address("f1rrvk2l26ng5werp3zwciboklumn4xbtl2pj5sda")), SignerAddr(Address("f1hiag3nvxd364nvtqlu3vqiiden2bi365wblhdny")), SignerAddr(Address("f1thtj2minopstx2hfddpczyi6cigrvtguhupwu7i"))], threshold: 2, vesting_duration: 6607730496749865171, vesting_start: 4714802589495518313 }), balance: TokenAmount(77647457177848077556.040570171063058191) }, Actor { meta: Multisig(Multisig { signers: [SignerAddr(Address("f1db7j3u2ldrtuhsrgpqnqdczyhunrpqwm3n2uugy")), SignerAddr(Address("f13danfn66spoggnpmwxzsuqduoubw6djgmovjuta"))], threshold: 2, vesting_duration: 18446744073709551615, vesting_start: 6419876409627678053 }), balance: TokenAmount(324796577614060349745.191933553164029409) }, Actor { meta: Account(Account { owner: SignerAddr(Address("f410fyv76tnhyqn5yswzapfyt6n5hyusowifw64maeai")) }), balance: TokenAmount(157674657032175670043.676376941106896097) }], eam_permission_mode: Unrestricted, ipc: Some(IpcParams { gateway: GatewayParams { subnet_id: SubnetID { root: 16634191194911060781, children: [] }, bottom_up_check_period: 470830588806620975, majority_percentage: 67, active_validators_limit: 73 } }) }