Message { version: 1326630264942878740, from: Address("f010094217122647108376"), to: Address("f1jwerhgtjk3hq5747cd4y55vsgmn6jlqbduzoiva"), sequence: 13360435433684345231, value: TokenAmount(151596941512652562527.424789902313603228), method_num: 18440532317176916548, params: RawBytes { 1a4eab4ab7 }, gas_limit: 16894246916585712413, gas_fee_cap: TokenAmount(0.0), gas_premium: TokenAmount(85832289101661751580.490929022670822798) }